#
# There is insufficient memory for the Java Runtime Environment to continue.
# Native memory allocation (malloc) failed to allocate 1048576 bytes. Error detail: AllocateHeap
# Possible reasons:
#   The system is out of physical RAM or swap space
#   This process is running with CompressedOops enabled, and the Java Heap may be blocking the growth of the native heap
# Possible solutions:
#   Reduce memory load on the system
#   Increase physical memory or swap space
#   Check if swap backing store is full
#   Decrease Java heap size (-Xmx/-Xms)
#   Decrease number of Java threads
#   Decrease Java thread stack sizes (-Xss)
#   Set larger code cache with -XX:ReservedCodeCacheSize=
#   JVM is running with Unscaled Compressed Oops mode in which the Java heap is
#     placed in the first 4GB address space. The Java Heap base address is the
#     maximum limit for the native heap growth. Please use -XX:HeapBaseMinAddress
#     to set the Java Heap base and to place the Java Heap above 4GB virtual address.
# This output file may be truncated or incomplete.
#
#  Out of Memory Error (allocation.cpp:44), pid=34220, tid=33052
#
# JRE version: OpenJDK Runtime Environment Zulu21.44+17-CA (21.0.8+9) (build 21.0.8+9-LTS)
# Java VM: OpenJDK 64-Bit Server VM Zulu21.44+17-CA (21.0.8+9-LTS, mixed mode, sharing, tiered, compressed oops, compressed class ptrs, parallel gc, windows-amd64)
# No core dump will be written. Minidumps are not enabled by default on client versions of Windows
#

---------------  S U M M A R Y ------------

Command Line: --add-modules=ALL-SYSTEM --add-opens=java.base/java.util=ALL-UNNAMED --add-opens=java.base/java.lang=ALL-UNNAMED --add-opens=java.base/sun.nio.fs=ALL-UNNAMED -Declipse.application=org.eclipse.jdt.ls.core.id1 -Dosgi.bundles.defaultStartLevel=4 -Declipse.product=org.eclipse.jdt.ls.core.product -Djava.import.generatesMetadataFilesAtProjectRoot=false -DDetectVMInstallationsJob.disabled=true -Dfile.encoding=utf8 -XX:+UseParallelGC -XX:GCTimeRatio=4 -XX:AdaptiveSizePolicyWeight=90 -Dsun.zip.disableMemoryMapping=true -Xmx2G -Xms100m -Xlog:disable -javaagent:c:\Users\zafri\.vscode\extensions\redhat.java-1.53.0-win32-x64\lombok\lombok-1.18.39-4050.jar -XX:+HeapDumpOnOutOfMemoryError -XX:HeapDumpPath=c:\Users\zafri\AppData\Roaming\Code\User\workspaceStorage\063dbe5f256f0072e62ed39393e447f9\redhat.java -Daether.dependencyCollector.impl=bf c:\Users\zafri\.vscode\extensions\redhat.java-1.53.0-win32-x64\server\plugins\org.eclipse.equinox.launcher_1.7.100.v20251111-0406.jar -configuration c:\Users\zafri\AppData\Roaming\Code\User\globalStorage\redhat.java\1.53.0\config_win -data c:\Users\zafri\AppData\Roaming\Code\User\workspaceStorage\063dbe5f256f0072e62ed39393e447f9\redhat.java\jdt_ws --pipe=\\.\pipe\lsp-21e51767d8b2d8e23e137acb3caac9ac-sock

Host: 13th Gen Intel(R) Core(TM) i7-13620H, 16 cores, 15G,  Windows 11 , 64 bit Build 26100 (10.0.26100.7920)
Time: Fri Mar 13 15:27:01 2026 Malay Peninsula Standard Time elapsed time: 33333.263624 seconds (0d 9h 15m 33s)

---------------  T H R E A D  ---------------

Current thread (0x000002beff9394b0):  JavaThread "Attach Listener" daemon [_thread_in_vm, id=33052, stack(0x000000c3e8500000,0x000000c3e8600000) (1024K)]

Stack: [0x000000c3e8500000,0x000000c3e8600000]
Native frames: (J=compiled Java code, j=interpreted, Vv=VM code, C=native code)
V  [jvm.dll+0x6ffc39]
V  [jvm.dll+0x8e4edf]
V  [jvm.dll+0x8e7328]
V  [jvm.dll+0x8e7a93]
V  [jvm.dll+0x29b036]
V  [jvm.dll+0xcdda7]
V  [jvm.dll+0x7004e9]
V  [jvm.dll+0x140ec6]
V  [jvm.dll+0x416dd4]
V  [jvm.dll+0x88c376]
V  [jvm.dll+0x6fe2f4]
C  [ucrtbase.dll+0x37b0]
C  [KERNEL32.DLL+0x2e8d7]
C  [ntdll.dll+0x8c48c]


---------------  P R O C E S S  ---------------

Threads class SMR info:
_java_thread_list=0x000002bef66d6e10, length=42, elements={
0x000002beff88e660, 0x000002beff92ffd0, 0x000002beff936120, 0x000002beff938850,
0x000002beff9394b0, 0x000002beff93c020, 0x000002beff93ca80, 0x000002beff941190,
0x000002bedf2c65f0, 0x000002bedf3bbed0, 0x000002bee502c7c0, 0x000002bee55e2dd0,
0x000002bee5862c50, 0x000002bee59b3070, 0x000002bee59b3ab0, 0x000002bee5febfc0,
0x000002bee5c117d0, 0x000002bee5dc9010, 0x000002bee664d040, 0x000002bee664af70,
0x000002bee664b600, 0x000002bee664c320, 0x000002bee881f910, 0x000002bee881ffa0,
0x000002bee881ded0, 0x000002bee8820630, 0x000002bee881ebf0, 0x000002bee8820cc0,
0x000002bee881d840, 0x000002bee881f280, 0x000002bee8821350, 0x000002bee88219e0,
0x000002bee881e560, 0x000002bee88247d0, 0x000002bee8824e60, 0x000002bee8823ab0,
0x000002bee8822070, 0x000002bee8824140, 0x000002bee751a140, 0x000002bee751bb80,
0x000002bee7519ab0, 0x000002bee751a7d0
}

Java Threads: ( => current thread )
  0x000002beff88e660 JavaThread "main"                              [_thread_blocked, id=40652, stack(0x000000c3e7e00000,0x000000c3e7f00000) (1024K)]
  0x000002beff92ffd0 JavaThread "Reference Handler"          daemon [_thread_blocked, id=7476, stack(0x000000c3e8200000,0x000000c3e8300000) (1024K)]
  0x000002beff936120 JavaThread "Finalizer"                  daemon [_thread_blocked, id=22508, stack(0x000000c3e8300000,0x000000c3e8400000) (1024K)]
  0x000002beff938850 JavaThread "Signal Dispatcher"          daemon [_thread_blocked, id=2572, stack(0x000000c3e8400000,0x000000c3e8500000) (1024K)]
=>0x000002beff9394b0 JavaThread "Attach Listener"            daemon [_thread_in_vm, id=33052, stack(0x000000c3e8500000,0x000000c3e8600000) (1024K)]
  0x000002beff93c020 JavaThread "Service Thread"             daemon [_thread_blocked, id=29156, stack(0x000000c3e8600000,0x000000c3e8700000) (1024K)]
  0x000002beff93ca80 JavaThread "Monitor Deflation Thread"   daemon [_thread_blocked, id=32804, stack(0x000000c3e8700000,0x000000c3e8800000) (1024K)]
  0x000002beff941190 JavaThread "C2 CompilerThread0"         daemon [_thread_blocked, id=30968, stack(0x000000c3e8800000,0x000000c3e8900000) (1024K)]
  0x000002bedf2c65f0 JavaThread "C1 CompilerThread0"         daemon [_thread_blocked, id=18948, stack(0x000000c3e8900000,0x000000c3e8a00000) (1024K)]
  0x000002bedf3bbed0 JavaThread "Common-Cleaner"             daemon [_thread_blocked, id=38668, stack(0x000000c3e8a00000,0x000000c3e8b00000) (1024K)]
  0x000002bee502c7c0 JavaThread "Notification Thread"        daemon [_thread_blocked, id=31884, stack(0x000000c3e8f00000,0x000000c3e9000000) (1024K)]
  0x000002bee55e2dd0 JavaThread "Active Thread: Equinox Container: 90353e74-f6ba-4133-8f25-d37e16e89f24"        [_thread_blocked, id=10672, stack(0x000000c3e9700000,0x000000c3e9800000) (1024K)]
  0x000002bee5862c50 JavaThread "Refresh Thread: Equinox Container: 90353e74-f6ba-4133-8f25-d37e16e89f24" daemon [_thread_blocked, id=22208, stack(0x000000c3e9900000,0x000000c3e9a00000) (1024K)]
  0x000002bee59b3070 JavaThread "Framework Event Dispatcher: Equinox Container: 90353e74-f6ba-4133-8f25-d37e16e89f24" daemon [_thread_blocked, id=37028, stack(0x000000c3e9a00000,0x000000c3e9b00000) (1024K)]
  0x000002bee59b3ab0 JavaThread "Start Level: Equinox Container: 90353e74-f6ba-4133-8f25-d37e16e89f24" daemon [_thread_blocked, id=24996, stack(0x000000c3e9b00000,0x000000c3e9c00000) (1024K)]
  0x000002bee5febfc0 JavaThread "Bundle File Closer"         daemon [_thread_blocked, id=31004, stack(0x000000c3ea000000,0x000000c3ea100000) (1024K)]
  0x000002bee5c117d0 JavaThread "SCR Component Actor"        daemon [_thread_blocked, id=27624, stack(0x000000c3e9c00000,0x000000c3e9d00000) (1024K)]
  0x000002bee5dc9010 JavaThread "Worker-JM"                         [_thread_blocked, id=6404, stack(0x000000c3ea200000,0x000000c3ea300000) (1024K)]
  0x000002bee664d040 JavaThread "JNA Cleaner"                daemon [_thread_blocked, id=9584, stack(0x000000c3ea500000,0x000000c3ea600000) (1024K)]
  0x000002bee664af70 JavaThread "Java indexing"              daemon [_thread_blocked, id=38908, stack(0x000000c3ea800000,0x000000c3ea900000) (1024K)]
  0x000002bee664b600 JavaThread "Thread-1"                   daemon [_thread_in_native, id=2408, stack(0x000000c3eae00000,0x000000c3eaf00000) (1024K)]
  0x000002bee664c320 JavaThread "Thread-2"                   daemon [_thread_in_native, id=26152, stack(0x000000c3eaf00000,0x000000c3eb000000) (1024K)]
  0x000002bee881f910 JavaThread "Thread-3"                   daemon [_thread_in_native, id=11900, stack(0x000000c3eb000000,0x000000c3eb100000) (1024K)]
  0x000002bee881ffa0 JavaThread "Thread-4"                   daemon [_thread_in_native, id=34700, stack(0x000000c3eb100000,0x000000c3eb200000) (1024K)]
  0x000002bee881ded0 JavaThread "Thread-5"                   daemon [_thread_in_native, id=30988, stack(0x000000c3eb200000,0x000000c3eb300000) (1024K)]
  0x000002bee8820630 JavaThread "Thread-6"                   daemon [_thread_in_native, id=39628, stack(0x000000c3eb300000,0x000000c3eb400000) (1024K)]
  0x000002bee881ebf0 JavaThread "Thread-7"                   daemon [_thread_in_native, id=19620, stack(0x000000c3eb400000,0x000000c3eb500000) (1024K)]
  0x000002bee8820cc0 JavaThread "Thread-8"                   daemon [_thread_in_native, id=32544, stack(0x000000c3eb500000,0x000000c3eb600000) (1024K)]
  0x000002bee881d840 JavaThread "Thread-9"                   daemon [_thread_in_native, id=38708, stack(0x000000c3eb600000,0x000000c3eb700000) (1024K)]
  0x000002bee881f280 JavaThread "Thread-10"                  daemon [_thread_in_native, id=40060, stack(0x000000c3eb700000,0x000000c3eb800000) (1024K)]
  0x000002bee8821350 JavaThread "Thread-11"                  daemon [_thread_in_native, id=32020, stack(0x000000c3eb800000,0x000000c3eb900000) (1024K)]
  0x000002bee88219e0 JavaThread "Thread-12"                  daemon [_thread_in_native, id=18664, stack(0x000000c3eb900000,0x000000c3eba00000) (1024K)]
  0x000002bee881e560 JavaThread "Thread-13"                  daemon [_thread_in_native, id=31904, stack(0x000000c3eba00000,0x000000c3ebb00000) (1024K)]
  0x000002bee88247d0 JavaThread "Thread-14"                  daemon [_thread_in_native, id=15412, stack(0x000000c3ebb00000,0x000000c3ebc00000) (1024K)]
  0x000002bee8824e60 JavaThread "Thread-15"                  daemon [_thread_in_native, id=6576, stack(0x000000c3ebc00000,0x000000c3ebd00000) (1024K)]
  0x000002bee8823ab0 JavaThread "Thread-16"                  daemon [_thread_in_native, id=35924, stack(0x000000c3ebd00000,0x000000c3ebe00000) (1024K)]
  0x000002bee8822070 JavaThread "Thread-17"                  daemon [_thread_in_native, id=14140, stack(0x000000c3ebe00000,0x000000c3ebf00000) (1024K)]
  0x000002bee8824140 JavaThread "pool-2-thread-1"                   [_thread_in_Java, id=37088, stack(0x000000c3ebf00000,0x000000c3ec000000) (1024K)]
  0x000002bee751a140 JavaThread "WorkspaceEventsHandler"            [_thread_blocked, id=5632, stack(0x000000c3ecb00000,0x000000c3ecc00000) (1024K)]
  0x000002bee751bb80 JavaThread "pool-1-thread-1"                   [_thread_in_vm, id=16348, stack(0x000000c3ecc00000,0x000000c3ecd00000) (1024K)]
  0x000002bee7519ab0 JavaThread "Worker-8"                          [_thread_blocked, id=26052, stack(0x000000c3e7b00000,0x000000c3e7c00000) (1024K)]
  0x000002bee751a7d0 JavaThread "Worker-13"                         [_thread_blocked, id=11296, stack(0x000000c3e7c00000,0x000000c3e7d00000) (1024K)]
Total: 42

Other Threads:
  0x000002be9cd54950 VMThread "VM Thread"                           [id=25088, stack(0x000000c3e8100000,0x000000c3e8200000) (1024K)]
  0x000002be9cc4ca00 WatcherThread "VM Periodic Task Thread"        [id=21624, stack(0x000000c3e8000000,0x000000c3e8100000) (1024K)]
  0x000002beff8aeb50 WorkerThread "GC Thread#0"                     [id=19120, stack(0x000000c3e7f00000,0x000000c3e8000000) (1024K)]
  0x000002bee54cbda0 WorkerThread "GC Thread#1"                     [id=28596, stack(0x000000c3e9000000,0x000000c3e9100000) (1024K)]
  0x000002bee581f240 WorkerThread "GC Thread#2"                     [id=18944, stack(0x000000c3e9100000,0x000000c3e9200000) (1024K)]
  0x000002bee5821a70 WorkerThread "GC Thread#3"                     [id=11112, stack(0x000000c3e9200000,0x000000c3e9300000) (1024K)]
  0x000002bee592c010 WorkerThread "GC Thread#4"                     [id=27188, stack(0x000000c3e9300000,0x000000c3e9400000) (1024K)]
  0x000002bee592c3c0 WorkerThread "GC Thread#5"                     [id=1260, stack(0x000000c3e9400000,0x000000c3e9500000) (1024K)]
  0x000002bee592c770 WorkerThread "GC Thread#6"                     [id=15432, stack(0x000000c3e9500000,0x000000c3e9600000) (1024K)]
  0x000002bee593da00 WorkerThread "GC Thread#7"                     [id=32848, stack(0x000000c3e9800000,0x000000c3e9900000) (1024K)]
  0x000002bee5bcacd0 WorkerThread "GC Thread#8"                     [id=6488, stack(0x000000c3e9d00000,0x000000c3e9e00000) (1024K)]
  0x000002bee5bcb080 WorkerThread "GC Thread#9"                     [id=39148, stack(0x000000c3e9e00000,0x000000c3e9f00000) (1024K)]
  0x000002bee5afc8e0 WorkerThread "GC Thread#10"                    [id=31932, stack(0x000000c3e9f00000,0x000000c3ea000000) (1024K)]
  0x000002bee5e6dd90 WorkerThread "GC Thread#11"                    [id=11140, stack(0x000000c3ea100000,0x000000c3ea200000) (1024K)]
  0x000002bee5cfa6f0 WorkerThread "GC Thread#12"                    [id=20648, stack(0x000000c3ea300000,0x000000c3ea400000) (1024K)]
Total: 15

Threads with active compile tasks:
Total: 0

VM state: not at safepoint (normal execution)

VM Mutex/Monitor currently owned by a thread:  ([mutex/lock_event])
[0x00007ffb125f0b38] CodeCache_lock - owner thread: 0x000002bee751bb80
[0x00007ffb125f0cb8] Compile_lock - owner thread: 0x000002bee751bb80

Heap address: 0x0000000080000000, size: 2048 MB, Compressed Oops mode: 32-bit

CDS archive(s) mapped at: [0x000002be9d000000-0x000002be9dce0000-0x000002be9dce0000), size 13500416, SharedBaseAddress: 0x000002be9d000000, ArchiveRelocationMode: 1.
Compressed class space mapped at: 0x000002be9e000000-0x000002bede000000, reserved size: 1073741824
Narrow klass base: 0x000002be9d000000, Narrow klass shift: 0, Narrow klass range: 0x100000000

GC Precious Log:
 CardTable entry size: 512
 CPUs: 16 total, 16 available
 Memory: 16155M
 Large Page Support: Disabled
 NUMA Support: Disabled
 Compressed Oops: Enabled (32-bit)
 Alignments: Space 512K, Generation 512K, Heap 2M
 Heap Min Capacity: 100M
 Heap Initial Capacity: 100M
 Heap Max Capacity: 2G
 Pre-touch: Disabled
 Parallel Workers: 13

Heap:
 PSYoungGen      total 16384K, used 7071K [0x00000000d5580000, 0x00000000d6680000, 0x0000000100000000)
  eden space 15360K, 42% used [0x00000000d5580000,0x00000000d5bcfd28,0x00000000d6480000)
  from space 1024K, 59% used [0x00000000d6580000,0x00000000d6618000,0x00000000d6680000)
  to   space 1024K, 0% used [0x00000000d6480000,0x00000000d6480000,0x00000000d6580000)
 ParOldGen       total 130048K, used 129767K [0x0000000080000000, 0x0000000087f00000, 0x00000000d5580000)
  object space 130048K, 99% used [0x0000000080000000,0x0000000087eb9c90,0x0000000087f00000)
 Metaspace       used 70597K, committed 72128K, reserved 1114112K
  class space    used 6950K, committed 7680K, reserved 1048576K

Card table byte_map: [0x000002beff260000,0x000002beff670000] _byte_map_base: 0x000002befee60000

Marking Bits: (ParMarkBitMap*) 0x00007ffb125f5b20
 Begin Bits: [0x000002be98b70000, 0x000002be9ab70000)
 End Bits:   [0x000002be9ab70000, 0x000002be9cb70000)

Polling page: 0x000002beff050000

Metaspace:

Usage:
  Non-class:     62.15 MB used.
      Class:      6.79 MB used.
       Both:     68.94 MB used.

Virtual space:
  Non-class space:       64.00 MB reserved,      62.94 MB ( 98%) committed,  1 nodes.
      Class space:        1.00 GB reserved,       7.50 MB ( <1%) committed,  1 nodes.
             Both:        1.06 GB reserved,      70.44 MB (  6%) committed. 

Chunk freelists:
   Non-Class:  250.00 KB
       Class:  8.32 MB
        Both:  8.56 MB

MaxMetaspaceSize: unlimited
CompressedClassSpaceSize: 1.00 GB
Initial GC threshold: 21.00 MB
Current GC threshold: 97.81 MB
CDS: on
 - commit_granule_bytes: 65536.
 - commit_granule_words: 8192.
 - virtual_space_node_default_size: 8388608.
 - enlarge_chunks_in_place: 1.
 - use_allocation_guard: 0.


Internal statistics:

num_allocs_failed_limit: 13.
num_arena_births: 1418.
num_arena_deaths: 14.
num_vsnodes_births: 2.
num_vsnodes_deaths: 0.
num_space_committed: 1127.
num_space_uncommitted: 0.
num_chunks_returned_to_freelist: 27.
num_chunks_taken_from_freelist: 4765.
num_chunk_merges: 19.
num_chunk_splits: 2948.
num_chunks_enlarged: 1663.
num_inconsistent_stats: 0.

CodeHeap 'non-profiled nmethods': size=119168Kb used=15600Kb max_used=15600Kb free=103567Kb
 bounds [0x000002be91710000, 0x000002be92650000, 0x000002be98b70000]
CodeHeap 'profiled nmethods': size=119104Kb used=37487Kb max_used=37487Kb free=81616Kb
 bounds [0x000002be89b70000, 0x000002be8c010000, 0x000002be90fc0000]
CodeHeap 'non-nmethods': size=7488Kb used=1433Kb max_used=3218Kb free=6054Kb
 bounds [0x000002be90fc0000, 0x000002be912f0000, 0x000002be91710000]
CodeCache: size=245760Kb, used=54520Kb, max_used=56305Kb, free=191237Kb
 total_blobs=15686, nmethods=14945, adapters=645, full_count=0
Compilation: enabled, stopped_count=0, restarted_count=0

Compilation events (20 events):
Event: 16189.437 Thread 0x000002beff941190 15763   !   4       java.util.concurrent.locks.AbstractQueuedSynchronizer::tryInitializeHead (66 bytes)
Event: 16189.450 Thread 0x000002beff941190 nmethod 15763 0x000002be92648890 code [0x000002be92648a20, 0x000002be92648c10]
Event: 18860.331 Thread 0x000002beff941190 15764       4       java.util.concurrent.ScheduledThreadPoolExecutor$ScheduledFutureTask::getDelay (16 bytes)
Event: 18860.336 Thread 0x000002beff941190 nmethod 15764 0x000002be92648d90 code [0x000002be92648f40, 0x000002be926490d8]
Event: 20103.983 Thread 0x000002bedf2c65f0 15765       3       java.util.UUID::randomUUID (63 bytes)
Event: 20103.994 Thread 0x000002bedf2c65f0 nmethod 15765 0x000002be8c00a690 code [0x000002be8c00a860, 0x000002be8c00ab00]
Event: 20103.995 Thread 0x000002bedf2c65f0 15766       3       java.util.UUID::toString (17 bytes)
Event: 20104.029 Thread 0x000002bedf2c65f0 nmethod 15766 0x000002be8c00ac10 code [0x000002be8c00adc0, 0x000002be8c00af68]
Event: 25504.446 Thread 0x000002beff941190 15767       4       org.eclipse.core.internal.resources.MarkerInfo::shareStrings (21 bytes)
Event: 25504.780 Thread 0x000002beff941190 nmethod 15767 0x000002be92649290 code [0x000002be926494e0, 0x000002be92649f58]
Event: 25699.014 Thread 0x000002beff941190 15768   !   4       java.util.concurrent.locks.LockSupport::parkNanos (56 bytes)
Event: 25699.050 Thread 0x000002beff941190 nmethod 15768 0x000002be9264a890 code [0x000002be9264aa40, 0x000002be9264abb8]
Event: 28734.795 Thread 0x000002beff941190 15769       4       java.util.concurrent.locks.AbstractQueuedSynchronizer$ConditionObject::enableWait (84 bytes)
Event: 28734.861 Thread 0x000002beff941190 nmethod 15769 0x000002be9264ad10 code [0x000002be9264aee0, 0x000002be9264b1f0]
Event: 28738.919 Thread 0x000002beff941190 15770   !   4       java.util.concurrent.locks.AbstractQueuedSynchronizer$ConditionObject::newConditionNode (78 bytes)
Event: 28738.960 Thread 0x000002beff941190 nmethod 15770 0x000002be9264b490 code [0x000002be9264b680, 0x000002be9264ba38]
Event: 29219.398 Thread 0x000002beff941190 15771       4       java.util.concurrent.locks.AbstractQueuedSynchronizer$ConditionObject::unlinkCancelledWaiters (91 bytes)
Event: 29219.402 Thread 0x000002beff941190 nmethod 15771 0x000002be9264bd10 code [0x000002be9264bea0, 0x000002be9264c008]
Event: 31806.044 Thread 0x000002bedf2c65f0 15772       3       java.math.BigInteger::toByteArray (78 bytes)
Event: 31806.066 Thread 0x000002bedf2c65f0 nmethod 15772 0x000002be8c00b090 code [0x000002be8c00b260, 0x000002be8c00b618]

GC Heap History (20 events):
Event: 11088.186 GC heap before
{Heap before GC invocations=388 (full 3):
 PSYoungGen      total 15872K, used 15872K [0x00000000d5580000, 0x00000000d6680000, 0x0000000100000000)
  eden space 15360K, 100% used [0x00000000d5580000,0x00000000d6480000,0x00000000d6480000)
  from space 512K, 100% used [0x00000000d6580000,0x00000000d6600000,0x00000000d6600000)
  to   space 1024K, 0% used [0x00000000d6480000,0x00000000d6480000,0x00000000d6580000)
 ParOldGen       total 129024K, used 128540K [0x0000000080000000, 0x0000000087e00000, 0x00000000d5580000)
  object space 129024K, 99% used [0x0000000080000000,0x0000000087d87120,0x0000000087e00000)
 Metaspace       used 70540K, committed 72064K, reserved 1114112K
  class space    used 6949K, committed 7680K, reserved 1048576K
}
Event: 11088.188 GC heap after
{Heap after GC invocations=388 (full 3):
 PSYoungGen      total 16384K, used 608K [0x00000000d5580000, 0x00000000d6680000, 0x0000000100000000)
  eden space 15360K, 0% used [0x00000000d5580000,0x00000000d5580000,0x00000000d6480000)
  from space 1024K, 59% used [0x00000000d6480000,0x00000000d6518000,0x00000000d6580000)
  to   space 1024K, 0% used [0x00000000d6580000,0x00000000d6580000,0x00000000d6680000)
 ParOldGen       total 129024K, used 128612K [0x0000000080000000, 0x0000000087e00000, 0x00000000d5580000)
  object space 129024K, 99% used [0x0000000080000000,0x0000000087d99120,0x0000000087e00000)
 Metaspace       used 70540K, committed 72064K, reserved 1114112K
  class space    used 6949K, committed 7680K, reserved 1048576K
}
Event: 11090.930 GC heap before
{Heap before GC invocations=389 (full 3):
 PSYoungGen      total 16384K, used 15968K [0x00000000d5580000, 0x00000000d6680000, 0x0000000100000000)
  eden space 15360K, 100% used [0x00000000d5580000,0x00000000d6480000,0x00000000d6480000)
  from space 1024K, 59% used [0x00000000d6480000,0x00000000d6518000,0x00000000d6580000)
  to   space 1024K, 0% used [0x00000000d6580000,0x00000000d6580000,0x00000000d6680000)
 ParOldGen       total 129024K, used 128612K [0x0000000080000000, 0x0000000087e00000, 0x00000000d5580000)
  object space 129024K, 99% used [0x0000000080000000,0x0000000087d99120,0x0000000087e00000)
 Metaspace       used 70540K, committed 72064K, reserved 1114112K
  class space    used 6949K, committed 7680K, reserved 1048576K
}
Event: 11090.932 GC heap after
{Heap after GC invocations=389 (full 3):
 PSYoungGen      total 16384K, used 672K [0x00000000d5580000, 0x00000000d6680000, 0x0000000100000000)
  eden space 15360K, 0% used [0x00000000d5580000,0x00000000d5580000,0x00000000d6480000)
  from space 1024K, 65% used [0x00000000d6580000,0x00000000d6628000,0x00000000d6680000)
  to   space 1024K, 0% used [0x00000000d6480000,0x00000000d6480000,0x00000000d6580000)
 ParOldGen       total 129024K, used 128716K [0x0000000080000000, 0x0000000087e00000, 0x00000000d5580000)
  object space 129024K, 99% used [0x0000000080000000,0x0000000087db3120,0x0000000087e00000)
 Metaspace       used 70540K, committed 72064K, reserved 1114112K
  class space    used 6949K, committed 7680K, reserved 1048576K
}
Event: 11091.481 GC heap before
{Heap before GC invocations=390 (full 3):
 PSYoungGen      total 16384K, used 16032K [0x00000000d5580000, 0x00000000d6680000, 0x0000000100000000)
  eden space 15360K, 100% used [0x00000000d5580000,0x00000000d6480000,0x00000000d6480000)
  from space 1024K, 65% used [0x00000000d6580000,0x00000000d6628000,0x00000000d6680000)
  to   space 1024K, 0% used [0x00000000d6480000,0x00000000d6480000,0x00000000d6580000)
 ParOldGen       total 129024K, used 128716K [0x0000000080000000, 0x0000000087e00000, 0x00000000d5580000)
  object space 129024K, 99% used [0x0000000080000000,0x0000000087db3120,0x0000000087e00000)
 Metaspace       used 70540K, committed 72064K, reserved 1114112K
  class space    used 6949K, committed 7680K, reserved 1048576K
}
Event: 11091.482 GC heap after
{Heap after GC invocations=390 (full 3):
 PSYoungGen      total 16384K, used 544K [0x00000000d5580000, 0x00000000d6680000, 0x0000000100000000)
  eden space 15360K, 0% used [0x00000000d5580000,0x00000000d5580000,0x00000000d6480000)
  from space 1024K, 53% used [0x00000000d6480000,0x00000000d6508000,0x00000000d6580000)
  to   space 1024K, 0% used [0x00000000d6580000,0x00000000d6580000,0x00000000d6680000)
 ParOldGen       total 129024K, used 128844K [0x0000000080000000, 0x0000000087e00000, 0x00000000d5580000)
  object space 129024K, 99% used [0x0000000080000000,0x0000000087dd3120,0x0000000087e00000)
 Metaspace       used 70540K, committed 72064K, reserved 1114112K
  class space    used 6949K, committed 7680K, reserved 1048576K
}
Event: 11092.050 GC heap before
{Heap before GC invocations=391 (full 3):
 PSYoungGen      total 16384K, used 15904K [0x00000000d5580000, 0x00000000d6680000, 0x0000000100000000)
  eden space 15360K, 100% used [0x00000000d5580000,0x00000000d6480000,0x00000000d6480000)
  from space 1024K, 53% used [0x00000000d6480000,0x00000000d6508000,0x00000000d6580000)
  to   space 1024K, 0% used [0x00000000d6580000,0x00000000d6580000,0x00000000d6680000)
 ParOldGen       total 129024K, used 128844K [0x0000000080000000, 0x0000000087e00000, 0x00000000d5580000)
  object space 129024K, 99% used [0x0000000080000000,0x0000000087dd3120,0x0000000087e00000)
 Metaspace       used 70540K, committed 72064K, reserved 1114112K
  class space    used 6949K, committed 7680K, reserved 1048576K
}
Event: 11092.051 GC heap after
{Heap after GC invocations=391 (full 3):
 PSYoungGen      total 16384K, used 544K [0x00000000d5580000, 0x00000000d6680000, 0x0000000100000000)
  eden space 15360K, 0% used [0x00000000d5580000,0x00000000d5580000,0x00000000d6480000)
  from space 1024K, 53% used [0x00000000d6580000,0x00000000d6608000,0x00000000d6680000)
  to   space 1024K, 0% used [0x00000000d6480000,0x00000000d6480000,0x00000000d6580000)
 ParOldGen       total 129024K, used 128948K [0x0000000080000000, 0x0000000087e00000, 0x00000000d5580000)
  object space 129024K, 99% used [0x0000000080000000,0x0000000087ded120,0x0000000087e00000)
 Metaspace       used 70540K, committed 72064K, reserved 1114112K
  class space    used 6949K, committed 7680K, reserved 1048576K
}
Event: 11092.747 GC heap before
{Heap before GC invocations=392 (full 3):
 PSYoungGen      total 16384K, used 15904K [0x00000000d5580000, 0x00000000d6680000, 0x0000000100000000)
  eden space 15360K, 100% used [0x00000000d5580000,0x00000000d6480000,0x00000000d6480000)
  from space 1024K, 53% used [0x00000000d6580000,0x00000000d6608000,0x00000000d6680000)
  to   space 1024K, 0% used [0x00000000d6480000,0x00000000d6480000,0x00000000d6580000)
 ParOldGen       total 129024K, used 128948K [0x0000000080000000, 0x0000000087e00000, 0x00000000d5580000)
  object space 129024K, 99% used [0x0000000080000000,0x0000000087ded120,0x0000000087e00000)
 Metaspace       used 70540K, committed 72064K, reserved 1114112K
  class space    used 6949K, committed 7680K, reserved 1048576K
}
Event: 11092.748 GC heap after
{Heap after GC invocations=392 (full 3):
 PSYoungGen      total 16384K, used 544K [0x00000000d5580000, 0x00000000d6680000, 0x0000000100000000)
  eden space 15360K, 0% used [0x00000000d5580000,0x00000000d5580000,0x00000000d6480000)
  from space 1024K, 53% used [0x00000000d6480000,0x00000000d6508000,0x00000000d6580000)
  to   space 1024K, 0% used [0x00000000d6580000,0x00000000d6580000,0x00000000d6680000)
 ParOldGen       total 129536K, used 129060K [0x0000000080000000, 0x0000000087e80000, 0x00000000d5580000)
  object space 129536K, 99% used [0x0000000080000000,0x0000000087e09120,0x0000000087e80000)
 Metaspace       used 70540K, committed 72064K, reserved 1114112K
  class space    used 6949K, committed 7680K, reserved 1048576K
}
Event: 11093.570 GC heap before
{Heap before GC invocations=393 (full 3):
 PSYoungGen      total 16384K, used 15904K [0x00000000d5580000, 0x00000000d6680000, 0x0000000100000000)
  eden space 15360K, 100% used [0x00000000d5580000,0x00000000d6480000,0x00000000d6480000)
  from space 1024K, 53% used [0x00000000d6480000,0x00000000d6508000,0x00000000d6580000)
  to   space 1024K, 0% used [0x00000000d6580000,0x00000000d6580000,0x00000000d6680000)
 ParOldGen       total 129536K, used 129060K [0x0000000080000000, 0x0000000087e80000, 0x00000000d5580000)
  object space 129536K, 99% used [0x0000000080000000,0x0000000087e09120,0x0000000087e80000)
 Metaspace       used 70540K, committed 72064K, reserved 1114112K
  class space    used 6949K, committed 7680K, reserved 1048576K
}
Event: 11093.572 GC heap after
{Heap after GC invocations=393 (full 3):
 PSYoungGen      total 16384K, used 576K [0x00000000d5580000, 0x00000000d6680000, 0x0000000100000000)
  eden space 15360K, 0% used [0x00000000d5580000,0x00000000d5580000,0x00000000d6480000)
  from space 1024K, 56% used [0x00000000d6580000,0x00000000d6610000,0x00000000d6680000)
  to   space 1024K, 0% used [0x00000000d6480000,0x00000000d6480000,0x00000000d6580000)
 ParOldGen       total 129536K, used 129228K [0x0000000080000000, 0x0000000087e80000, 0x00000000d5580000)
  object space 129536K, 99% used [0x0000000080000000,0x0000000087e33120,0x0000000087e80000)
 Metaspace       used 70540K, committed 72064K, reserved 1114112K
  class space    used 6949K, committed 7680K, reserved 1048576K
}
Event: 11094.453 GC heap before
{Heap before GC invocations=394 (full 3):
 PSYoungGen      total 16384K, used 15936K [0x00000000d5580000, 0x00000000d6680000, 0x0000000100000000)
  eden space 15360K, 100% used [0x00000000d5580000,0x00000000d6480000,0x00000000d6480000)
  from space 1024K, 56% used [0x00000000d6580000,0x00000000d6610000,0x00000000d6680000)
  to   space 1024K, 0% used [0x00000000d6480000,0x00000000d6480000,0x00000000d6580000)
 ParOldGen       total 129536K, used 129228K [0x0000000080000000, 0x0000000087e80000, 0x00000000d5580000)
  object space 129536K, 99% used [0x0000000080000000,0x0000000087e33120,0x0000000087e80000)
 Metaspace       used 70540K, committed 72064K, reserved 1114112K
  class space    used 6949K, committed 7680K, reserved 1048576K
}
Event: 11094.454 GC heap after
{Heap after GC invocations=394 (full 3):
 PSYoungGen      total 16384K, used 640K [0x00000000d5580000, 0x00000000d6680000, 0x0000000100000000)
  eden space 15360K, 0% used [0x00000000d5580000,0x00000000d5580000,0x00000000d6480000)
  from space 1024K, 62% used [0x00000000d6480000,0x00000000d6520000,0x00000000d6580000)
  to   space 1024K, 0% used [0x00000000d6580000,0x00000000d6580000,0x00000000d6680000)
 ParOldGen       total 129536K, used 129524K [0x0000000080000000, 0x0000000087e80000, 0x00000000d5580000)
  object space 129536K, 99% used [0x0000000080000000,0x0000000087e7d120,0x0000000087e80000)
 Metaspace       used 70540K, committed 72064K, reserved 1114112K
  class space    used 6949K, committed 7680K, reserved 1048576K
}
Event: 11095.021 GC heap before
{Heap before GC invocations=395 (full 3):
 PSYoungGen      total 16384K, used 16000K [0x00000000d5580000, 0x00000000d6680000, 0x0000000100000000)
  eden space 15360K, 100% used [0x00000000d5580000,0x00000000d6480000,0x00000000d6480000)
  from space 1024K, 62% used [0x00000000d6480000,0x00000000d6520000,0x00000000d6580000)
  to   space 1024K, 0% used [0x00000000d6580000,0x00000000d6580000,0x00000000d6680000)
 ParOldGen       total 129536K, used 129524K [0x0000000080000000, 0x0000000087e80000, 0x00000000d5580000)
  object space 129536K, 99% used [0x0000000080000000,0x0000000087e7d120,0x0000000087e80000)
 Metaspace       used 70540K, committed 72064K, reserved 1114112K
  class space    used 6949K, committed 7680K, reserved 1048576K
}
Event: 11095.022 GC heap after
{Heap after GC invocations=395 (full 3):
 PSYoungGen      total 16384K, used 576K [0x00000000d5580000, 0x00000000d6680000, 0x0000000100000000)
  eden space 15360K, 0% used [0x00000000d5580000,0x00000000d5580000,0x00000000d6480000)
  from space 1024K, 56% used [0x00000000d6580000,0x00000000d6610000,0x00000000d6680000)
  to   space 1024K, 0% used [0x00000000d6480000,0x00000000d6480000,0x00000000d6580000)
 ParOldGen       total 130048K, used 129692K [0x0000000080000000, 0x0000000087f00000, 0x00000000d5580000)
  object space 130048K, 99% used [0x0000000080000000,0x0000000087ea7120,0x0000000087f00000)
 Metaspace       used 70540K, committed 72064K, reserved 1114112K
  class space    used 6949K, committed 7680K, reserved 1048576K
}
Event: 11095.697 GC heap before
{Heap before GC invocations=396 (full 3):
 PSYoungGen      total 16384K, used 15936K [0x00000000d5580000, 0x00000000d6680000, 0x0000000100000000)
  eden space 15360K, 100% used [0x00000000d5580000,0x00000000d6480000,0x00000000d6480000)
  from space 1024K, 56% used [0x00000000d6580000,0x00000000d6610000,0x00000000d6680000)
  to   space 1024K, 0% used [0x00000000d6480000,0x00000000d6480000,0x00000000d6580000)
 ParOldGen       total 130048K, used 129692K [0x0000000080000000, 0x0000000087f00000, 0x00000000d5580000)
  object space 130048K, 99% used [0x0000000080000000,0x0000000087ea7120,0x0000000087f00000)
 Metaspace       used 70540K, committed 72064K, reserved 1114112K
  class space    used 6949K, committed 7680K, reserved 1048576K
}
Event: 11095.698 GC heap after
{Heap after GC invocations=396 (full 3):
 PSYoungGen      total 16384K, used 608K [0x00000000d5580000, 0x00000000d6680000, 0x0000000100000000)
  eden space 15360K, 0% used [0x00000000d5580000,0x00000000d5580000,0x00000000d6480000)
  from space 1024K, 59% used [0x00000000d6480000,0x00000000d6518000,0x00000000d6580000)
  to   space 1024K, 0% used [0x00000000d6580000,0x00000000d6580000,0x00000000d6680000)
 ParOldGen       total 130048K, used 129748K [0x0000000080000000, 0x0000000087f00000, 0x00000000d5580000)
  object space 130048K, 99% used [0x0000000080000000,0x0000000087eb5120,0x0000000087f00000)
 Metaspace       used 70540K, committed 72064K, reserved 1114112K
  class space    used 6949K, committed 7680K, reserved 1048576K
}
Event: 11666.251 GC heap before
{Heap before GC invocations=397 (full 3):
 PSYoungGen      total 16384K, used 15961K [0x00000000d5580000, 0x00000000d6680000, 0x0000000100000000)
  eden space 15360K, 99% used [0x00000000d5580000,0x00000000d647e628,0x00000000d6480000)
  from space 1024K, 59% used [0x00000000d6480000,0x00000000d6518000,0x00000000d6580000)
  to   space 1024K, 0% used [0x00000000d6580000,0x00000000d6580000,0x00000000d6680000)
 ParOldGen       total 130048K, used 129748K [0x0000000080000000, 0x0000000087f00000, 0x00000000d5580000)
  object space 130048K, 99% used [0x0000000080000000,0x0000000087eb5120,0x0000000087f00000)
 Metaspace       used 70565K, committed 72064K, reserved 1114112K
  class space    used 6949K, committed 7680K, reserved 1048576K
}
Event: 11666.253 GC heap after
{Heap after GC invocations=397 (full 3):
 PSYoungGen      total 16384K, used 608K [0x00000000d5580000, 0x00000000d6680000, 0x0000000100000000)
  eden space 15360K, 0% used [0x00000000d5580000,0x00000000d5580000,0x00000000d6480000)
  from space 1024K, 59% used [0x00000000d6580000,0x00000000d6618000,0x00000000d6680000)
  to   space 1024K, 0% used [0x00000000d6480000,0x00000000d6480000,0x00000000d6580000)
 ParOldGen       total 130048K, used 129767K [0x0000000080000000, 0x0000000087f00000, 0x00000000d5580000)
  object space 130048K, 99% used [0x0000000080000000,0x0000000087eb9c90,0x0000000087f00000)
 Metaspace       used 70565K, committed 72064K, reserved 1114112K
  class space    used 6949K, committed 7680K, reserved 1048576K
}

Dll operation events (11 events):
Event: 0.027 Loaded shared library C:\Program Files\zulu21.44.17-ca-jdk21.0.8-win_x64\bin\java.dll
Event: 0.113 Loaded shared library C:\Program Files\zulu21.44.17-ca-jdk21.0.8-win_x64\bin\jsvml.dll
Event: 0.220 Loaded shared library C:\Program Files\zulu21.44.17-ca-jdk21.0.8-win_x64\bin\zip.dll
Event: 0.223 Loaded shared library C:\Program Files\zulu21.44.17-ca-jdk21.0.8-win_x64\bin\instrument.dll
Event: 0.236 Loaded shared library C:\Program Files\zulu21.44.17-ca-jdk21.0.8-win_x64\bin\net.dll
Event: 0.239 Loaded shared library C:\Program Files\zulu21.44.17-ca-jdk21.0.8-win_x64\bin\nio.dll
Event: 0.243 Loaded shared library C:\Program Files\zulu21.44.17-ca-jdk21.0.8-win_x64\bin\zip.dll
Event: 0.260 Loaded shared library C:\Program Files\zulu21.44.17-ca-jdk21.0.8-win_x64\bin\jimage.dll
Event: 0.389 Loaded shared library C:\Program Files\zulu21.44.17-ca-jdk21.0.8-win_x64\bin\verify.dll
Event: 1.813 Loaded shared library C:\Users\zafri\AppData\Roaming\Code\User\globalStorage\redhat.java\1.53.0\config_win\org.eclipse.equinox.launcher\org.eclipse.equinox.launcher.win32.win32.x86_64_1.3.0.v20260203-2149\eclipse_11919.dll
Event: 3.429 Loaded shared library C:\Users\zafri\AppData\Local\Temp\jna-115660950\jna17737727620649716276.dll

Deoptimization events (20 events):
Event: 9791.515 Thread 0x000002bee664c9b0 Uncommon trap: trap_request=0xffffffde fr.pc=0x000002be92461594 relative=0x0000000000000694
Event: 9791.515 Thread 0x000002bee664c9b0 Uncommon trap: reason=class_check action=maybe_recompile pc=0x000002be92461594 method=org.eclipse.core.internal.dtree.DeltaDataTree.getData(Lorg/eclipse/core/runtime/IPath;)Ljava/lang/Object; @ 49 c2
Event: 9791.515 Thread 0x000002bee664c9b0 DEOPT PACKING pc=0x000002be92461594 sp=0x000000c3ea7fe530
Event: 9791.516 Thread 0x000002bee664c9b0 DEOPT UNPACKING pc=0x000002be91013aa2 sp=0x000000c3ea7fe4d0 mode 2
Event: 10364.212 Thread 0x000002bee7519ab0 Uncommon trap: trap_request=0xffffff45 fr.pc=0x000002be924baa5c relative=0x0000000000001e1c
Event: 10364.212 Thread 0x000002bee7519ab0 Uncommon trap: reason=unstable_if action=reinterpret pc=0x000002be924baa5c method=org.eclipse.core.internal.watson.ElementTree.getElementData(Lorg/eclipse/core/runtime/IPath;)Ljava/lang/Object; @ 29 c2
Event: 10364.212 Thread 0x000002bee7519ab0 DEOPT PACKING pc=0x000002be924baa5c sp=0x000000c3e7bfde00
Event: 10364.212 Thread 0x000002bee7519ab0 DEOPT UNPACKING pc=0x000002be91013aa2 sp=0x000000c3e7bfdc48 mode 2
Event: 10364.212 Thread 0x000002bee751a140 Uncommon trap: trap_request=0xffffff45 fr.pc=0x000002be924f3dcc relative=0x000000000000076c
Event: 10364.212 Thread 0x000002bee751a140 Uncommon trap: reason=unstable_if action=reinterpret pc=0x000002be924f3dcc method=org.eclipse.core.internal.watson.ElementTree.getElementData(Lorg/eclipse/core/runtime/IPath;)Ljava/lang/Object; @ 29 c2
Event: 10364.212 Thread 0x000002bee751a140 DEOPT PACKING pc=0x000002be924f3dcc sp=0x000000c3ecbfea70
Event: 10364.212 Thread 0x000002bee751a140 DEOPT UNPACKING pc=0x000002be91013aa2 sp=0x000000c3ecbfe868 mode 2
Event: 10390.284 Thread 0x000002bee751a7d0 DEOPT PACKING pc=0x000002be8bc8d84c sp=0x000000c3e7cfdb50
Event: 10390.285 Thread 0x000002bee751a7d0 DEOPT UNPACKING pc=0x000002be91014242 sp=0x000000c3e7cfd008 mode 0
Event: 10663.353 Thread 0x000002bee751a7d0 DEOPT PACKING pc=0x000002be8a4e7e5b sp=0x000000c3e7cfe7d0
Event: 10663.353 Thread 0x000002bee751a7d0 DEOPT UNPACKING pc=0x000002be91014242 sp=0x000000c3e7cfdc58 mode 0
Event: 11088.116 Thread 0x000002bee7519ab0 Uncommon trap: trap_request=0xffffff45 fr.pc=0x000002be9249dac4 relative=0x0000000000001244
Event: 11088.117 Thread 0x000002bee7519ab0 Uncommon trap: reason=unstable_if action=reinterpret pc=0x000002be9249dac4 method=org.eclipse.core.internal.filesystem.local.LocalFile.childNames(ILorg/eclipse/core/runtime/IProgressMonitor;)[Ljava/lang/String; @ 9 c2
Event: 11088.117 Thread 0x000002bee7519ab0 DEOPT PACKING pc=0x000002be9249dac4 sp=0x000000c3e7bfdcc0
Event: 11088.118 Thread 0x000002bee7519ab0 DEOPT UNPACKING pc=0x000002be91013aa2 sp=0x000000c3e7bfdad0 mode 2

Classes loaded (20 events):
Event: 438.200 Loading class java/util/stream/Nodes$CollectorTask$OfRef
Event: 438.201 Loading class java/util/stream/Nodes$CollectorTask
Event: 438.202 Loading class java/util/stream/Nodes$CollectorTask done
Event: 438.202 Loading class java/util/stream/Nodes$CollectorTask$OfRef done
Event: 438.202 Loading class java/util/function/LongFunction
Event: 438.202 Loading class java/util/function/LongFunction done
Event: 438.202 Loading class java/util/stream/Nodes$ConcNode
Event: 438.203 Loading class java/util/stream/Nodes$AbstractConcNode
Event: 438.203 Loading class java/util/stream/Nodes$AbstractConcNode done
Event: 438.203 Loading class java/util/stream/Nodes$ConcNode done
Event: 438.213 Loading class java/util/stream/Nodes$ToArrayTask$OfRef
Event: 438.213 Loading class java/util/stream/Nodes$ToArrayTask
Event: 438.214 Loading class java/util/stream/Nodes$ToArrayTask done
Event: 438.214 Loading class java/util/stream/Nodes$ToArrayTask$OfRef done
Event: 438.215 Loading class java/io/ObjectOutputStream$BlockDataOutputStream
Event: 438.216 Loading class java/io/ObjectOutputStream$BlockDataOutputStream done
Event: 438.216 Loading class java/io/ObjectOutputStream$HandleTable
Event: 438.216 Loading class java/io/ObjectOutputStream$HandleTable done
Event: 438.216 Loading class java/io/ObjectOutputStream$ReplaceTable
Event: 438.216 Loading class java/io/ObjectOutputStream$ReplaceTable done

Classes unloaded (7 events):
Event: 3.841 Thread 0x000002be9cd54950 Unloading class 0x000002be9e1ad400 'java/lang/invoke/LambdaForm$MH+0x000002be9e1ad400'
Event: 3.841 Thread 0x000002be9cd54950 Unloading class 0x000002be9e1ad000 'java/lang/invoke/LambdaForm$MH+0x000002be9e1ad000'
Event: 3.841 Thread 0x000002be9cd54950 Unloading class 0x000002be9e1acc00 'java/lang/invoke/LambdaForm$MH+0x000002be9e1acc00'
Event: 3.841 Thread 0x000002be9cd54950 Unloading class 0x000002be9e1ac800 'java/lang/invoke/LambdaForm$MH+0x000002be9e1ac800'
Event: 3.841 Thread 0x000002be9cd54950 Unloading class 0x000002be9e1ac400 'java/lang/invoke/LambdaForm$BMH+0x000002be9e1ac400'
Event: 3.841 Thread 0x000002be9cd54950 Unloading class 0x000002be9e1ac000 'java/lang/invoke/LambdaForm$DMH+0x000002be9e1ac000'
Event: 3.841 Thread 0x000002be9cd54950 Unloading class 0x000002be9e1aac00 'java/lang/invoke/LambdaForm$DMH+0x000002be9e1aac00'

Classes redefined (0 events):
No events

Internal exceptions (20 events):
Event: 16.158 Thread 0x000002bee664c9b0 Exception <a 'java/lang/NoSuchMethodError'{0x00000000d5bc2c48}: 'void java.lang.invoke.DirectMethodHandle$Holder.invokeStatic(java.lang.Object, int, java.lang.Object)'> (0x00000000d5bc2c48) 
thrown [s\src\hotspot\share\interpreter\linkResolver.cpp, line 773]
Event: 17.207 Thread 0x000002bee664c9b0 Implicit null exception at 0x000002be921090ac to 0x000002be921094ac
Event: 138.622 Thread 0x000002bee664c9b0 Exception <a 'java/lang/NoSuchMethodError'{0x00000000d62cc2c0}: 'java.lang.Object java.lang.invoke.DirectMethodHandle$Holder.newInvokeSpecial(java.lang.Object, java.lang.Object, int, java.lang.Object, java.lang.Object)'> (0x00000000d62cc2c0) 
thrown [s\src\hotspot\share\interpreter\linkResolver.cpp, line 773]
Event: 138.622 Thread 0x000002bee664c9b0 Exception <a 'java/lang/NoSuchMethodError'{0x00000000d62d0060}: 'java.lang.Object java.lang.invoke.Invokers$Holder.linkToTargetMethod(java.lang.Object, int, java.lang.Object, java.lang.Object, java.lang.Object)'> (0x00000000d62d0060) 
thrown [s\src\hotspot\share\interpreter\linkResolver.cpp, line 773]
Event: 138.633 Thread 0x000002bee664c9b0 Exception <a 'java/lang/NoSuchMethodError'{0x00000000d62e5a18}: 'java.lang.Object java.lang.invoke.DirectMethodHandle$Holder.invokeSpecial(java.lang.Object, java.lang.Object, java.lang.Object, int, java.lang.Object, java.lang.Object, java.lang.Object)'> (0x00000000d62e5a18) 
thrown [s\src\hotspot\share\interpreter\linkResolver.cpp, line 773]
Event: 138.681 Thread 0x000002bee664c9b0 Exception <a 'java/lang/NoSuchMethodError'{0x00000000d639ff08}: 'void java.lang.invoke.DirectMethodHandle$Holder.invokeStatic(java.lang.Object, int)'> (0x00000000d639ff08) 
thrown [s\src\hotspot\share\interpreter\linkResolver.cpp, line 773]
Event: 138.843 Thread 0x000002bee664c9b0 Exception <a 'java/io/FileNotFoundException'{0x00000000d5940640}> (0x00000000d5940640) 
thrown [s\src\hotspot\share\prims\jni.cpp, line 520]
Event: 138.844 Thread 0x000002bee664c9b0 Exception <a 'java/io/FileNotFoundException'{0x00000000d59418d8}> (0x00000000d59418d8) 
thrown [s\src\hotspot\share\prims\jni.cpp, line 520]
Event: 138.846 Thread 0x000002bee664c9b0 Exception <a 'java/io/FileNotFoundException'{0x00000000d59428c8}> (0x00000000d59428c8) 
thrown [s\src\hotspot\share\prims\jni.cpp, line 520]
Event: 139.204 Thread 0x000002bee664c9b0 Implicit null exception at 0x000002be91aacb9f to 0x000002be91aad840
Event: 438.211 Thread 0x000002bee664c9b0 Implicit null exception at 0x000002be923a8706 to 0x000002be923a88f4
Event: 438.224 Thread 0x000002bee664c9b0 Exception <a 'java/lang/NoSuchMethodError'{0x00000000d61f6af0}: static [J.<clinit>()V> (0x00000000d61f6af0) 
thrown [s\src\hotspot\share\prims\jni.cpp, line 1111]
Event: 438.233 Thread 0x000002bee664c9b0 Exception <a 'java/lang/NoSuchMethodError'{0x00000000d62ced48}: 'java.lang.Object java.lang.invoke.DirectMethodHandle$Holder.newInvokeSpecial(java.lang.Object, java.lang.Object, java.lang.Object, java.lang.Object, java.lang.Object, java.lang.Object, java.lang.Object, java.lang.Object)'> (0x00000000d62ced48) 
thrown [s\src\hotspot\share\interpreter\linkResolver.cpp, line 773]
Event: 4983.746 Thread 0x000002bee751bb80 Exception <a 'java/lang/IncompatibleClassChangeError'{0x00000000d59bf810}: Found class java.lang.Object, but interface was expected> (0x00000000d59bf810) 
thrown [s\src\hotspot\share\interpreter\linkResolver.cpp, line 840]
Event: 4983.893 Thread 0x000002bee751bb80 Exception <a 'java/lang/IncompatibleClassChangeError'{0x00000000d5dacd20}: Found class java.lang.Object, but interface was expected> (0x00000000d5dacd20) 
thrown [s\src\hotspot\share\interpreter\linkResolver.cpp, line 840]
Event: 4983.898 Thread 0x000002bee751bb80 Exception <a 'java/lang/IncompatibleClassChangeError'{0x00000000d5dded00}: Found class java.lang.Object, but interface was expected> (0x00000000d5dded00) 
thrown [s\src\hotspot\share\interpreter\linkResolver.cpp, line 840]
Event: 4983.901 Thread 0x000002bee751bb80 Exception <a 'java/lang/IncompatibleClassChangeError'{0x00000000d5e12568}: Found class java.lang.Object, but interface was expected> (0x00000000d5e12568) 
thrown [s\src\hotspot\share\interpreter\linkResolver.cpp, line 840]
Event: 4984.361 Thread 0x000002bee751bb80 Exception <a 'java/lang/IncompatibleClassChangeError'{0x00000000d5ea8108}: Found class java.lang.Object, but interface was expected> (0x00000000d5ea8108) 
thrown [s\src\hotspot\share\interpreter\linkResolver.cpp, line 840]
Event: 4984.449 Thread 0x000002bee751bb80 Exception <a 'java/lang/IncompatibleClassChangeError'{0x00000000d5ecd170}: Found class java.lang.Object, but interface was expected> (0x00000000d5ecd170) 
thrown [s\src\hotspot\share\interpreter\linkResolver.cpp, line 840]
Event: 5259.133 Thread 0x000002bee751bb80 Exception <a 'java/lang/IncompatibleClassChangeError'{0x00000000d5f4ed48}: Found class java.lang.Object, but interface was expected> (0x00000000d5f4ed48) 
thrown [s\src\hotspot\share\interpreter\linkResolver.cpp, line 840]

ZGC Phase Switch (0 events):
No events

VM Operations (20 events):
Event: 31271.064 Executing VM operation: HandshakeAllThreads (HandshakeForDeflation)
Event: 31271.064 Executing VM operation: HandshakeAllThreads (HandshakeForDeflation) done
Event: 31271.064 Executing VM operation: RendezvousGCThreads
Event: 31271.064 Executing VM operation: RendezvousGCThreads done
Event: 32956.454 Executing VM operation: HandshakeAllThreads (HandshakeForDeflation)
Event: 32956.460 Executing VM operation: HandshakeAllThreads (HandshakeForDeflation) done
Event: 32956.460 Executing VM operation: RendezvousGCThreads
Event: 32956.460 Executing VM operation: RendezvousGCThreads done
Event: 33016.457 Executing VM operation: HandshakeAllThreads (HandshakeForDeflation)
Event: 33016.457 Executing VM operation: HandshakeAllThreads (HandshakeForDeflation) done
Event: 33016.458 Executing VM operation: RendezvousGCThreads
Event: 33016.458 Executing VM operation: RendezvousGCThreads done
Event: 33076.488 Executing VM operation: HandshakeAllThreads (HandshakeForDeflation)
Event: 33076.488 Executing VM operation: HandshakeAllThreads (HandshakeForDeflation) done
Event: 33076.488 Executing VM operation: RendezvousGCThreads
Event: 33076.488 Executing VM operation: RendezvousGCThreads done
Event: 33256.848 Executing VM operation: HandshakeAllThreads (HandshakeForDeflation)
Event: 33256.848 Executing VM operation: HandshakeAllThreads (HandshakeForDeflation) done
Event: 33256.848 Executing VM operation: RendezvousGCThreads
Event: 33256.848 Executing VM operation: RendezvousGCThreads done

Memory protections (0 events):
No events

Nmethod flushes (20 events):
Event: 12.608 Thread 0x000002be9cd54950 flushing  nmethod 0x000002be8a4f2a90
Event: 12.608 Thread 0x000002be9cd54950 flushing  nmethod 0x000002be8a4f3310
Event: 12.608 Thread 0x000002be9cd54950 flushing  nmethod 0x000002be8a4f3690
Event: 12.608 Thread 0x000002be9cd54950 flushing  nmethod 0x000002be8a4f5a10
Event: 12.608 Thread 0x000002be9cd54950 flushing  nmethod 0x000002be8a51aa90
Event: 12.608 Thread 0x000002be9cd54950 flushing  nmethod 0x000002be8a567590
Event: 12.608 Thread 0x000002be9cd54950 flushing  nmethod 0x000002be8a568d90
Event: 12.608 Thread 0x000002be9cd54950 flushing  nmethod 0x000002be8a56d810
Event: 12.608 Thread 0x000002be9cd54950 flushing  nmethod 0x000002be8a56f590
Event: 12.608 Thread 0x000002be9cd54950 flushing  nmethod 0x000002be8a570510
Event: 12.608 Thread 0x000002be9cd54950 flushing  nmethod 0x000002be8a570e90
Event: 12.608 Thread 0x000002be9cd54950 flushing  nmethod 0x000002be8a573290
Event: 12.608 Thread 0x000002be9cd54950 flushing  nmethod 0x000002be8a573f90
Event: 12.608 Thread 0x000002be9cd54950 flushing  nmethod 0x000002be8a575110
Event: 12.608 Thread 0x000002be9cd54950 flushing  nmethod 0x000002be8a57e790
Event: 12.608 Thread 0x000002be9cd54950 flushing  nmethod 0x000002be8a5a5010
Event: 12.608 Thread 0x000002be9cd54950 flushing  nmethod 0x000002be8a5a6b10
Event: 12.608 Thread 0x000002be9cd54950 flushing  nmethod 0x000002be8a5a8410
Event: 12.608 Thread 0x000002be9cd54950 flushing  nmethod 0x000002be8a5aba10
Event: 12.608 Thread 0x000002be9cd54950 flushing  nmethod 0x000002be8a5abe10

Events (20 events):
Event: 10663.206 Thread 0x000002bee751f690 Thread exited: 0x000002bee751f690
Event: 10663.206 Thread 0x000002bee751d5c0 Thread exited: 0x000002bee751d5c0
Event: 11071.535 Thread 0x000002bee7519ab0 Thread added: 0x000002bee751d5c0
Event: 11163.768 Thread 0x000002bee751a7d0 Thread exited: 0x000002bee751a7d0
Event: 11369.881 Thread 0x000002bee7519ab0 Thread added: 0x000002bee751a7d0
Event: 11369.882 Thread 0x000002bee751a7d0 Thread exited: 0x000002bee751a7d0
Event: 11369.885 Thread 0x000002bee7519ab0 Thread added: 0x000002bee751a7d0
Event: 11369.886 Thread 0x000002bee751a7d0 Thread added: 0x000002bee751f690
Event: 11369.887 Thread 0x000002bee751a7d0 Thread exited: 0x000002bee751a7d0
Event: 11369.887 Thread 0x000002bee751f690 Thread exited: 0x000002bee751f690
Event: 11370.022 Thread 0x000002bee7519ab0 Thread added: 0x000002bee751a7d0
Event: 11490.040 Thread 0x000002bee751d5c0 Thread exited: 0x000002bee751d5c0
Event: 11616.952 Thread 0x000002bee751bb80 Thread added: 0x000002bee751f690
Event: 11616.966 Thread 0x000002bee751bb80 Thread added: 0x000002bee751d5c0
Event: 11731.946 Thread 0x000002bee751f690 Thread exited: 0x000002bee751f690
Event: 11832.801 Thread 0x000002bee751d5c0 Thread exited: 0x000002bee751d5c0
Event: 15183.191 Thread 0x000002bee751bb80 Thread added: 0x000002bee751f690
Event: 15243.938 Thread 0x000002bee751f690 Thread exited: 0x000002bee751f690
Event: 15607.321 Thread 0x000002bee751bb80 Thread added: 0x000002bee751f690
Event: 15671.330 Thread 0x000002bee751f690 Thread exited: 0x000002bee751f690


Dynamic libraries:
0x00007ff74b340000 - 0x00007ff74b34e000 	C:\Program Files\zulu21.44.17-ca-jdk21.0.8-win_x64\bin\java.exe
0x00007ffb9e7a0000 - 0x00007ffb9ea07000 	C:\WINDOWS\SYSTEM32\ntdll.dll
0x00007ffb9d760000 - 0x00007ffb9d829000 	C:\WINDOWS\System32\KERNEL32.DLL
0x00007ffb9b4c0000 - 0x00007ffb9b8b1000 	C:\WINDOWS\System32\KERNELBASE.dll
0x00007ffb9b200000 - 0x00007ffb9b34b000 	C:\WINDOWS\System32\ucrtbase.dll
0x00007ffb7a1c0000 - 0x00007ffb7a1d9000 	C:\Program Files\zulu21.44.17-ca-jdk21.0.8-win_x64\bin\jli.dll
0x00007ffb98170000 - 0x00007ffb9818e000 	C:\Program Files\zulu21.44.17-ca-jdk21.0.8-win_x64\bin\VCRUNTIME140.dll
0x00007ffb9d9e0000 - 0x00007ffb9dba5000 	C:\WINDOWS\System32\USER32.dll
0x00007ffb9b950000 - 0x00007ffb9b977000 	C:\WINDOWS\System32\win32u.dll
0x00007ffb9e730000 - 0x00007ffb9e75b000 	C:\WINDOWS\System32\GDI32.dll
0x00007ffb79210000 - 0x00007ffb794a3000 	C:\WINDOWS\WinSxS\amd64_microsoft.windows.common-controls_6595b64144ccf1df_6.0.26100.8037_none_3e092faae333b53b\COMCTL32.dll
0x00007ffb9c2a0000 - 0x00007ffb9c3cb000 	C:\WINDOWS\System32\gdi32full.dll
0x00007ffb9ca80000 - 0x00007ffb9cb29000 	C:\WINDOWS\System32\msvcrt.dll
0x00007ffb9c490000 - 0x00007ffb9c533000 	C:\WINDOWS\System32\msvcp_win.dll
0x00007ffb9dbb0000 - 0x00007ffb9dbe1000 	C:\WINDOWS\System32\IMM32.DLL
0x00007ffb981a0000 - 0x00007ffb981ac000 	C:\Program Files\zulu21.44.17-ca-jdk21.0.8-win_x64\bin\vcruntime140_1.dll
0x00007ffb53e70000 - 0x00007ffb53efd000 	C:\Program Files\zulu21.44.17-ca-jdk21.0.8-win_x64\bin\msvcp140.dll
0x00007ffb118f0000 - 0x00007ffb126d4000 	C:\Program Files\zulu21.44.17-ca-jdk21.0.8-win_x64\bin\server\jvm.dll
0x00007ffb9d190000 - 0x00007ffb9d24b000 	C:\WINDOWS\System32\ADVAPI32.dll
0x00007ffb9cec0000 - 0x00007ffb9cf67000 	C:\WINDOWS\System32\sechost.dll
0x00007ffb9c540000 - 0x00007ffb9c658000 	C:\WINDOWS\System32\RPCRT4.dll
0x00007ffb9d960000 - 0x00007ffb9d9d4000 	C:\WINDOWS\System32\WS2_32.dll
0x00007ffb9ad30000 - 0x00007ffb9ad8e000 	C:\WINDOWS\SYSTEM32\POWRPROF.dll
0x00007ffb8a540000 - 0x00007ffb8a575000 	C:\WINDOWS\SYSTEM32\WINMM.dll
0x00007ffb91d80000 - 0x00007ffb91d8b000 	C:\WINDOWS\SYSTEM32\VERSION.dll
0x00007ffb9ad10000 - 0x00007ffb9ad24000 	C:\WINDOWS\SYSTEM32\UMPDC.dll
0x00007ffb99df0000 - 0x00007ffb99e0b000 	C:\WINDOWS\SYSTEM32\kernel.appcore.dll
0x00007ffb98120000 - 0x00007ffb9812a000 	C:\Program Files\zulu21.44.17-ca-jdk21.0.8-win_x64\bin\jimage.dll
0x00007ffb98d70000 - 0x00007ffb98fb2000 	C:\WINDOWS\SYSTEM32\DBGHELP.DLL
0x00007ffb9cb30000 - 0x00007ffb9ceb2000 	C:\WINDOWS\System32\combase.dll
0x00007ffb9d880000 - 0x00007ffb9d957000 	C:\WINDOWS\System32\OLEAUT32.dll
0x00007ffb73250000 - 0x00007ffb7328b000 	C:\WINDOWS\SYSTEM32\dbgcore.DLL
0x00007ffb9c1f0000 - 0x00007ffb9c295000 	C:\WINDOWS\System32\bcryptPrimitives.dll
0x00007ffb8a0c0000 - 0x00007ffb8a0d0000 	C:\Program Files\zulu21.44.17-ca-jdk21.0.8-win_x64\bin\instrument.dll
0x00007ffb8a6e0000 - 0x00007ffb8a702000 	C:\Program Files\zulu21.44.17-ca-jdk21.0.8-win_x64\bin\java.dll
0x00007ffb9dee0000 - 0x00007ffb9e63f000 	C:\WINDOWS\System32\SHELL32.dll
0x00007ffb9b350000 - 0x00007ffb9b4ba000 	C:\WINDOWS\System32\wintypes.dll
0x00007ffb9b980000 - 0x00007ffb9c1e4000 	C:\WINDOWS\System32\windows.storage.dll
0x00007ffb9d060000 - 0x00007ffb9d157000 	C:\WINDOWS\System32\SHCORE.dll
0x00007ffb9dd00000 - 0x00007ffb9dd67000 	C:\WINDOWS\System32\shlwapi.dll
0x00007ffb9afa0000 - 0x00007ffb9afc9000 	C:\WINDOWS\SYSTEM32\profapi.dll
0x00007ffb160e0000 - 0x00007ffb161b7000 	C:\Program Files\zulu21.44.17-ca-jdk21.0.8-win_x64\bin\jsvml.dll
0x00007ffb8a4e0000 - 0x00007ffb8a4f8000 	C:\Program Files\zulu21.44.17-ca-jdk21.0.8-win_x64\bin\zip.dll
0x00007ffb902b0000 - 0x00007ffb902c2000 	C:\Program Files\zulu21.44.17-ca-jdk21.0.8-win_x64\bin\net.dll
0x00007ffb91f30000 - 0x00007ffb92057000 	C:\WINDOWS\SYSTEM32\WINHTTP.dll
0x00007ffb9a380000 - 0x00007ffb9a3eb000 	C:\WINDOWS\system32\mswsock.dll
0x00007ffb8a6c0000 - 0x00007ffb8a6d6000 	C:\Program Files\zulu21.44.17-ca-jdk21.0.8-win_x64\bin\nio.dll
0x00007ffb98110000 - 0x00007ffb98120000 	C:\Program Files\zulu21.44.17-ca-jdk21.0.8-win_x64\bin\verify.dll
0x00007ffb4d410000 - 0x00007ffb4d455000 	C:\Users\zafri\AppData\Roaming\Code\User\globalStorage\redhat.java\1.53.0\config_win\org.eclipse.equinox.launcher\org.eclipse.equinox.launcher.win32.win32.x86_64_1.3.0.v20260203-2149\eclipse_11919.dll
0x00007ffb9c700000 - 0x00007ffb9c895000 	C:\WINDOWS\System32\ole32.dll
0x00007ffb9a660000 - 0x00007ffb9a67b000 	C:\WINDOWS\SYSTEM32\CRYPTSP.dll
0x00007ffb99d50000 - 0x00007ffb99d89000 	C:\WINDOWS\system32\rsaenh.dll
0x00007ffb9a430000 - 0x00007ffb9a462000 	C:\WINDOWS\SYSTEM32\USERENV.dll
0x00007ffb9af70000 - 0x00007ffb9af9a000 	C:\WINDOWS\SYSTEM32\bcrypt.dll
0x00007ffb9a680000 - 0x00007ffb9a68c000 	C:\WINDOWS\SYSTEM32\CRYPTBASE.dll
0x00007ffb99880000 - 0x00007ffb998b3000 	C:\WINDOWS\SYSTEM32\IPHLPAPI.DLL
0x00007ffb9dbf0000 - 0x00007ffb9dbfa000 	C:\WINDOWS\System32\NSI.dll
0x00007ffb15b10000 - 0x00007ffb15b59000 	C:\Users\zafri\AppData\Local\Temp\jna-115660950\jna17737727620649716276.dll
0x00007ffb9d160000 - 0x00007ffb9d168000 	C:\WINDOWS\System32\PSAPI.DLL
0x00007ffb92450000 - 0x00007ffb9246d000 	C:\WINDOWS\SYSTEM32\dhcpcsvc6.DLL
0x00007ffb922c0000 - 0x00007ffb922e3000 	C:\WINDOWS\SYSTEM32\dhcpcsvc.DLL

JVMTI agents:
c:\Users\zafri\.vscode\extensions\redhat.java-1.53.0-win32-x64\lombok\lombok-1.18.39-4050.jar path:C:\Program Files\zulu21.44.17-ca-jdk21.0.8-win_x64\bin\instrument.dll, loaded, initialized, instrumentlib options:none

dbghelp: loaded successfully - version: 4.0.5 - missing functions: none
symbol engine: initialized successfully - sym options: 0x614 - pdb path: .;C:\Program Files\zulu21.44.17-ca-jdk21.0.8-win_x64\bin;C:\WINDOWS\SYSTEM32;C:\WINDOWS\WinSxS\amd64_microsoft.windows.common-controls_6595b64144ccf1df_6.0.26100.8037_none_3e092faae333b53b;C:\Program Files\zulu21.44.17-ca-jdk21.0.8-win_x64\bin\server;C:\Users\zafri\AppData\Roaming\Code\User\globalStorage\redhat.java\1.53.0\config_win\org.eclipse.equinox.launcher\org.eclipse.equinox.launcher.win32.win32.x86_64_1.3.0.v20260203-2149;C:\Users\zafri\AppData\Local\Temp\jna-115660950

VM Arguments:
jvm_args: --add-modules=ALL-SYSTEM --add-opens=java.base/java.util=ALL-UNNAMED --add-opens=java.base/java.lang=ALL-UNNAMED --add-opens=java.base/sun.nio.fs=ALL-UNNAMED -Declipse.application=org.eclipse.jdt.ls.core.id1 -Dosgi.bundles.defaultStartLevel=4 -Declipse.product=org.eclipse.jdt.ls.core.product -Djava.import.generatesMetadataFilesAtProjectRoot=false -DDetectVMInstallationsJob.disabled=true -Dfile.encoding=utf8 -XX:+UseParallelGC -XX:GCTimeRatio=4 -XX:AdaptiveSizePolicyWeight=90 -Dsun.zip.disableMemoryMapping=true -Xmx2G -Xms100m -Xlog:disable -javaagent:c:\Users\zafri\.vscode\extensions\redhat.java-1.53.0-win32-x64\lombok\lombok-1.18.39-4050.jar -XX:+HeapDumpOnOutOfMemoryError -XX:HeapDumpPath=c:\Users\zafri\AppData\Roaming\Code\User\workspaceStorage\063dbe5f256f0072e62ed39393e447f9\redhat.java -Daether.dependencyCollector.impl=bf 
java_command: c:\Users\zafri\.vscode\extensions\redhat.java-1.53.0-win32-x64\server\plugins\org.eclipse.equinox.launcher_1.7.100.v20251111-0406.jar -configuration c:\Users\zafri\AppData\Roaming\Code\User\globalStorage\redhat.java\1.53.0\config_win -data c:\Users\zafri\AppData\Roaming\Code\User\workspaceStorage\063dbe5f256f0072e62ed39393e447f9\redhat.java\jdt_ws --pipe=\\.\pipe\lsp-21e51767d8b2d8e23e137acb3caac9ac-sock
java_class_path (initial): c:\Users\zafri\.vscode\extensions\redhat.java-1.53.0-win32-x64\server\plugins\org.eclipse.equinox.launcher_1.7.100.v20251111-0406.jar
Launcher Type: SUN_STANDARD

[Global flags]
    uintx AdaptiveSizePolicyWeight                 = 90                                        {product} {command line}
     intx CICompilerCount                          = 12                                        {product} {ergonomic}
    uintx GCTimeRatio                              = 4                                         {product} {command line}
     bool HeapDumpOnOutOfMemoryError               = true                                   {manageable} {command line}
    ccstr HeapDumpPath                             = c:\Users\zafri\AppData\Roaming\Code\User\workspaceStorage\063dbe5f256f0072e62ed39393e447f9\redhat.java         {manageable} {command line}
   size_t InitialHeapSize                          = 104857600                                 {product} {command line}
   size_t MaxHeapSize                              = 2147483648                                {product} {command line}
   size_t MaxNewSize                               = 715653120                                 {product} {ergonomic}
   size_t MinHeapDeltaBytes                        = 524288                                    {product} {ergonomic}
   size_t MinHeapSize                              = 104857600                                 {product} {command line}
   size_t NewSize                                  = 34603008                                  {product} {ergonomic}
    uintx NonNMethodCodeHeapSize                   = 7602480                                {pd product} {ergonomic}
    uintx NonProfiledCodeHeapSize                  = 122027880                              {pd product} {ergonomic}
   size_t OldSize                                  = 70254592                                  {product} {ergonomic}
    uintx ProfiledCodeHeapSize                     = 122027880                              {pd product} {ergonomic}
    uintx ReservedCodeCacheSize                    = 251658240                              {pd product} {ergonomic}
     bool SegmentedCodeCache                       = true                                      {product} {ergonomic}
   size_t SoftMaxHeapSize                          = 2147483648                             {manageable} {ergonomic}
     bool UseCompressedOops                        = true                           {product lp64_product} {ergonomic}
     bool UseLargePagesIndividualAllocation        = false                                  {pd product} {ergonomic}
     bool UseParallelGC                            = true                                      {product} {command line}

Logging:
Log output configuration:
 #0: stdout all=off uptime,level,tags foldmultilines=false
 #1: stderr all=off uptime,level,tags foldmultilines=false

Environment Variables:
JAVA_HOME=C:\Program Files\zulu21.44.17-ca-jdk21.0.8-win_x64
PATH=C:\Users\zafri\AppData\Local\Programs\Microsoft VS Code;C:\Program Files\zulu21.44.17-ca-jdk21.0.8-win_x64\bin;C:\Program Files\Common Files\Oracle\Java\javapath;C:\Program Files (x86)\Common Files\Oracle\Java\java8path;C:\Program Files (x86)\Common Files\Oracle\Java\javapath;C:\Program Files\zulu21.44.17-ca-jdk21.0.8-win_x64\bin;C:\Windows\system32;C:\Windows;C:\Windows\System32\Wbem;C:\Windows\System32\WindowsPowerShell\v1.0\;C:\Windows\System32\OpenSSH\;C:\Program Files (x86)\NVIDIA Corporation\PhysX\Common;C:\Program Files\dotnet\;C:\WINDOWS\system32;C:\WINDOWS;C:\WINDOWS\System32\Wbem;C:\WINDOWS\System32\WindowsPowerShell\v1.0\;C:\WINDOWS\System32\OpenSSH\;C:\Program Files\NVIDIA Corporation\NVIDIA app\NvDLISR;C:\xampp\php;C:\Program Files\Git\cmd;C:\Program Files\CMake\bin;C:\Program Files (x86)\Windows Kits\10\Windows Performance Toolkit\;C:\Users\zafri\eclipse\java-2021-09\eclipse\;C:\dev\opencv\build\install\x64\vc17\bin;C:\Program Files\nodejs\;C:\Program Files\apache-maven-3.9.11\bin;C:\Program Files (x86)\Wi;C:\Program Files (x86)\WiX Toolset v3.14\bin;C:\Android\Sdk\platform-tools;C:\src\flutter\bin;C:\Android\Sdk\emulator;C:\Android\Sdk\cmdline-tools\latest\bin;C:\Program Files\Cloudflare\Cloudflare WARP\;C:\Program Files\zulu21.44.17-ca-jdk21.0.8-win_x64\bin;C:\Program Files\Common Files\Oracle\Java\javapath;C:\Program Files (x86)\Common Files\Oracle\Java\java8path;C:\Program Files (x86)\Common Files\Oracle\Java\javapath;C:\Program Files\zulu21.44.17-ca-jdk21.0.8-win_x64\bin;C:\Windows\system32;C:\Windows;C:\Windows\System32\Wbem;C:\Windows\System32\WindowsPowerShell\v1.0\;C:\Windows\System32\OpenSSH\;C:\Program Files (x86)\NVIDIA Corporation\PhysX\Common;C:\Program Files\dotnet\;C:\WINDOWS\system32;C:\WINDOWS;C:\WINDOWS\System32\Wbem;C:\WINDOWS\System32\WindowsPowerShell\v1.0\;C:\WINDOWS\System32\OpenSSH\;C:\Program Files\NVIDIA Corporation\NVIDIA app\NvDLISR;C:\xampp\php;C:\Program Files\Git\cmd;C:\Program Files\CMake\bin;C:\Program Files (x86)\Windows Kits\10\Windows Performance Toolkit\;C:\Users\zafri\eclipse\java-2021-09\eclipse\;C:\dev\opencv\build\install\x64\vc17\bin;C:\Program Files\nodejs\;C:\Program Files\Cloudflare\Cloudflare WARP\;C:\Program Files\apache-maven-3.9.11\bin;C:\Program Files\zulu21.4;C:\Users\zafri\AppData\Local\Google\Cloud SDK\google-cloud-sdk\bin;C:\Users\zafri\AppData\Local\Programs\Microsoft VS Code\bin
USERNAME=zafri
OS=Windows_NT
PROCESSOR_IDENTIFIER=Intel64 Family 6 Model 186 Stepping 2, GenuineIntel
TMP=C:\Users\zafri\AppData\Local\Temp
TEMP=C:\Users\zafri\AppData\Local\Temp




Periodic native trim disabled

---------------  S Y S T E M  ---------------

OS:
 Windows 11 , 64 bit Build 26100 (10.0.26100.7920)
OS uptime: 1 days 8:39 hours
Hyper-V role detected

CPU: total 16 (initial active 16) (8 cores per cpu, 2 threads per core) family 6 model 186 stepping 2 microcode 0x410e, cx8, cmov, fxsr, ht, mmx, 3dnowpref, sse, sse2, sse3, ssse3, sse4.1, sse4.2, popcnt, lzcnt, tsc, tscinvbit, avx, avx2, aes, erms, clmul, bmi1, bmi2, adx, sha, fma, vzeroupper, clflush, clflushopt, clwb, hv, serialize, rdtscp, rdpid, fsrm, f16c, cet_ibt, cet_ss
Processor Information for the first 16 processors :
  Max Mhz: 2400, Current Mhz: 2400, Mhz Limit: 2400

Memory: 4k page, system-wide physical 16155M (683M free)
TotalPageFile size 65307M (AvailPageFile size 3548M)
current process WorkingSet (physical memory assigned to process): 15M, peak: 422M
current process commit charge ("private bytes"): 517M, peak: 524M

vm_info: OpenJDK 64-Bit Server VM (21.0.8+9-LTS) for windows-amd64 JRE (21.0.8+9-LTS) (Zulu21.44+17-CA), built on 2025-06-30T16:19:55Z by "zulu_re" with MS VC++ 17.1 (VS2022)

END.
